// Jest Snapshot v1, https://goo.gl/fbAQLP

exports[`Not expect visual regression 1`] = `
.c0 {
  border-radius: 0.25rem;
  font-family: Inter,sans-serif;
  font-weight: 600;
  display: -webkit-box;
  display: -webkit-flex;
  display: -ms-flexbox;
  display: flex;
  -webkit-align-items: center;
  -webkit-box-align: center;
  -ms-flex-align: center;
  align-items: center;
  -webkit-box-pack: center;
  -webkit-justify-content: center;
  -ms-flex-pack: center;
  justify-content: center;
  padding: 0 16px;
  cursor: pointer;
  width: unset;
  text-transform: none;
  height: 40px;
  font-size: 0.875rem;
  background-color: #f1f3fA;
  color: #080B19;
  border: none;
}

.c0:hover {
  background-color: #133BEC;
  color: #fff;
}

.c0:active {
  background-color: #0B238E;
}

.c0:focus {
  outline: none;
}

.c0:hover {
  -webkit-transition: all linear 0.2s;
  transition: all linear 0.2s;
}

<button
  class="c0"
>
  Primary
</button>
`;
