// Jest Snapshot v1, https://goo.gl/fbAQLP

exports[`Not expect visual regression 1`] = `
.c0 {
  height: 100vh;
  background-color: #f1f3fA;
  position: relative;
  display: block;
  box-shadow: 0 0 16px rgba(50,71,151,0.25);
}

<div
  class="c0"
  data-testid="menu"
  style="width: 300px;"
>
  <div
    class=""
    style="display: block; opacity: 1; transform: none;"
  />
</div>
`;
